catalogue: 36 projects
  project Trump International Hotel & Tower Dubai       about=475 amen=4 faqs=10 (4.3s)
  project D-Villas At Jumeirah Golf Estates             about=370 amen=10 faqs=0 (3.7s)
  project The Astera, Interiors by Aston Martin         about=406 amen=11 faqs=10 (3.3s)
  project DG1                                           about=367 amen=6 faqs=0 (3.2s)
  project Da Vinci Tower interiors by Pagani            about=846 amen=6 faqs=10 (3.2s)
  project Urban Oasis                                   about=430 amen=6 faqs=10 (3.5s)
  project W Residences                                  about=0 amen=8 faqs=9 (3.4s)
  project The Pagani Penthouse                          about=0 amen=0 faqs=0 (3.4s)
  project Top of the Astera                             about=0 amen=0 faqs=0 (3.9s)
  project Tierra Viva                                   about=443 amen=5 faqs=10 (3.2s)
  project Painite Villas Design Inspired by Automobili  about=0 amen=0 faqs=0 (3.3s)
  project Marea-Interiors by Missoni                    about=450 amen=14 faqs=10 (3.5s)
  project Sea La Vie                                    about=0 amen=4 faqs=0 (3.1s)
  project Les Vagues                                    about=0 amen=8 faqs=10 (3.1s)
  project Trump International Hotel                     about=427 amen=19 faqs=10 (3.1s)
  project Trump Cliff Villas                            about=0 amen=12 faqs=10 (3.3s)
  project Trump Golf Villas                             about=399 amen=14 faqs=10 (3.6s)
  project Aida                                          about=0 amen=0 faqs=0 (3.1s)
  project Fairway Villas                                about=237 amen=15 faqs=0 (3.3s)
  project Azure Oceanfront Villas Interiors by Fendi Ca about=0 amen=0 faqs=0 (3.4s)
  project Amour Sans Detour                             about=445 amen=15 faqs=0 (3.2s)
  project The Great Escape                              about=292 amen=17 faqs=0 (3.1s)
  project The Great Escape 2                            about=343 amen=14 faqs=0 (3.1s)
  project Coastal Investment Villas                     about=369 amen=15 faqs=0 (3.2s)
  project Sunrise Haven                                 about=445 amen=15 faqs=0 (3.1s)
  project Marriott Residences Aida, Oman                about=0 amen=16 faqs=10 (3.2s)
  project The Mulliner                                  about=0 amen=0 faqs=0 (3.3s)
  project 7&8 Albert Hall Mansions                      about=0 amen=0 faqs=0 (3.5s)
  project Trump Park Residences                         about=0 amen=0 faqs=0 (3.1s)
  project Trump Mansions                                about=0 amen=0 faqs=0 (2.9s)
  project Trump Executive Residences                    about=0 amen=0 faqs=0 (3.1s)
  project Amaya                                         about=0 amen=0 faqs=0 (3.1s)
  project Padel Living Residences                       about=0 amen=0 faqs=0 (3.0s)
  project Neptune Interiors by Mouawad                  about=428 amen=11 faqs=10 (3.3s)
  project Trump Tower Jeddah                            about=419 amen=14 faqs=10 (3.2s)
  project TRUMP INTERNATIONAL HOTEL & RESORT MALDIVES   about=0 amen=0 faqs=0 (3.2s)
  page /about                                        chars=14363 (3.5s)
  page /faq                                          chars=12344 (3.2s)
  page /why-invest                                   chars=59184 (3.5s)
  page /investor                                     chars=17210 (3.9s)
  page /hospitality                                  chars=1559 (3.1s)
  page /commercial                                   chars=562 (3.2s)
  page /luxury-golf-communities                      chars=807 (2.9s)
  page /one-of-one                                   chars=21122 (3.1s)
  page /exclusive-membership                         chars=563 (2.9s)
  page /tokenization                                 chars=1593 (3.0s)
  page /press                                        chars=8675 (3.0s)
  page /blog                                         chars=195669 (3.6s)
  page /insights                                     chars=4280 (3.0s)
  page /get-in-touch                                 chars=1919 (3.2s)
  page /partners/aston-martin                        chars=18048 (3.6s)
  page /partners/elie-saab                           chars=21183 (3.1s)
  page /partners/fendi-casa                          chars=5396 (3.2s)
  page /partners/lamborghini                         chars=14903 (3.1s)
  page /partners/marriott-residences-aida-oman       chars=5443 (3.1s)
  page /partners/missoni                             chars=16822 (3.1s)
  page /partners/mouawad                             chars=9912 (3.3s)
  page /partners/pagani                              chars=19143 (3.1s)
  page /partners/the-trump-organization              chars=24897 (3.3s)
  page /partners/w-hotels                            chars=13886 (3.1s)
saved 36 projects -> C:\Users\sparrow\Desktop\durglobal-chatbot\data\raw\darglobal_projects.json
saved 24 pages -> C:\Users\sparrow\Desktop\durglobal-chatbot\data\raw\darglobal_pages.json
