#0 building with "desktop-linux" instance using docker driver

#1 [internal] load build definition from Dockerfile
#1 transferring dockerfile:
#1 transferring dockerfile: 1.24kB 0.1s done
#1 DONE 0.9s

#2 [internal] load metadata for docker.io/library/python:3.11-slim
#2 DONE 3.8s

#3 [internal] load .dockerignore
#3 transferring context:
#3 transferring context: 104B done
#3 DONE 0.2s

#4 [internal] load build context
#4 transferring context: 4.07MB 0.5s done
#4 DONE 1.2s

#5 [build 1/7] FROM docker.io/library/python:3.11-slim@sha256:9534e5a8e315485d4061ed659af0fd78a284c015f9b73661b41d6bab25604534
#5 resolve docker.io/library/python:3.11-slim@sha256:9534e5a8e315485d4061ed659af0fd78a284c015f9b73661b41d6bab25604534 0.2s done
#5 DONE 1.7s

#5 [build 1/7] FROM docker.io/library/python:3.11-slim@sha256:9534e5a8e315485d4061ed659af0fd78a284c015f9b73661b41d6bab25604534
#5 sha256:f9efa1b83d065a7c5a3041582875b75d63c4ab3d4413514de8e413b51f90e91a 0B / 249B 0.2s
#5 sha256:db840d086b65cf73e0feea3bd0cf11063818114e466846ae3f2b2fb1a8c2b143 0B / 14.45MB 0.2s
#5 sha256:3678bb828654fcc3752f7a5eb63c5accfa00c97047252f25405285550d74a3fd 0B / 4.27MB 0.2s
#5 sha256:f9efa1b83d065a7c5a3041582875b75d63c4ab3d4413514de8e413b51f90e91a 249B / 249B 0.3s done
#5 sha256:6310eb16bf4251731feab01e8f633bf5e2d75a657ccad97f420b1f83cce457be 0B / 29.79MB 0.2s
#5 sha256:db840d086b65cf73e0feea3bd0cf11063818114e466846ae3f2b2fb1a8c2b143 2.10MB / 14.45MB 0.6s
#5 sha256:db840d086b65cf73e0feea3bd0cf11063818114e466846ae3f2b2fb1a8c2b143 3.15MB / 14.45MB 0.8s
#5 sha256:db840d086b65cf73e0feea3bd0cf11063818114e466846ae3f2b2fb1a8c2b143 4.19MB / 14.45MB 0.9s
#5 sha256:3678bb828654fcc3752f7a5eb63c5accfa00c97047252f25405285550d74a3fd 1.05MB / 4.27MB 0.9s
#5 sha256:db840d086b65cf73e0feea3bd0cf11063818114e466846ae3f2b2fb1a8c2b143 5.24MB / 14.45MB 1.1s
#5 sha256:3678bb828654fcc3752f7a5eb63c5accfa00c97047252f25405285550d74a3fd 2.10MB / 4.27MB 1.1s
#5 sha256:db840d086b65cf73e0feea3bd0cf11063818114e466846ae3f2b2fb1a8c2b143 6.29MB / 14.45MB 1.2s
#5 sha256:3678bb828654fcc3752f7a5eb63c5accfa00c97047252f25405285550d74a3fd 3.15MB / 4.27MB 1.2s
#5 sha256:db840d086b65cf73e0feea3bd0cf11063818114e466846ae3f2b2fb1a8c2b143 7.34MB / 14.45MB 1.4s
#5 sha256:3678bb828654fcc3752f7a5eb63c5accfa00c97047252f25405285550d74a3fd 4.27MB / 4.27MB 1.4s
#5 sha256:db840d086b65cf73e0feea3bd0cf11063818114e466846ae3f2b2fb1a8c2b143 9.44MB / 14.45MB 1.5s
#5 sha256:3678bb828654fcc3752f7a5eb63c5accfa00c97047252f25405285550d74a3fd 4.27MB / 4.27MB 1.4s done
#5 sha256:db840d086b65cf73e0feea3bd0cf11063818114e466846ae3f2b2fb1a8c2b143 10.49MB / 14.45MB 1.7s
#5 sha256:db840d086b65cf73e0feea3bd0cf11063818114e466846ae3f2b2fb1a8c2b143 12.58MB / 14.45MB 1.8s
#5 sha256:db840d086b65cf73e0feea3bd0cf11063818114e466846ae3f2b2fb1a8c2b143 13.63MB / 14.45MB 2.0s
#5 sha256:db840d086b65cf73e0feea3bd0cf11063818114e466846ae3f2b2fb1a8c2b143 14.45MB / 14.45MB 2.2s done
#5 sha256:6310eb16bf4251731feab01e8f633bf5e2d75a657ccad97f420b1f83cce457be 3.15MB / 29.79MB 2.3s
#5 sha256:6310eb16bf4251731feab01e8f633bf5e2d75a657ccad97f420b1f83cce457be 6.29MB / 29.79MB 2.6s
#5 sha256:6310eb16bf4251731feab01e8f633bf5e2d75a657ccad97f420b1f83cce457be 9.44MB / 29.79MB 2.9s
#5 sha256:6310eb16bf4251731feab01e8f633bf5e2d75a657ccad97f420b1f83cce457be 11.53MB / 29.79MB 3.0s
#5 sha256:6310eb16bf4251731feab01e8f633bf5e2d75a657ccad97f420b1f83cce457be 14.68MB / 29.79MB 3.3s
#5 sha256:6310eb16bf4251731feab01e8f633bf5e2d75a657ccad97f420b1f83cce457be 16.78MB / 29.79MB 3.5s
#5 sha256:6310eb16bf4251731feab01e8f633bf5e2d75a657ccad97f420b1f83cce457be 18.87MB / 29.79MB 3.6s
#5 sha256:6310eb16bf4251731feab01e8f633bf5e2d75a657ccad97f420b1f83cce457be 20.97MB / 29.79MB 3.8s
#5 sha256:6310eb16bf4251731feab01e8f633bf5e2d75a657ccad97f420b1f83cce457be 24.12MB / 29.79MB 4.1s
#5 sha256:6310eb16bf4251731feab01e8f633bf5e2d75a657ccad97f420b1f83cce457be 27.26MB / 29.79MB 4.4s
#5 sha256:6310eb16bf4251731feab01e8f633bf5e2d75a657ccad97f420b1f83cce457be 29.79MB / 29.79MB 4.5s
#5 sha256:6310eb16bf4251731feab01e8f633bf5e2d75a657ccad97f420b1f83cce457be 29.79MB / 29.79MB 4.8s done
#5 extracting sha256:6310eb16bf4251731feab01e8f633bf5e2d75a657ccad97f420b1f83cce457be
#5 extracting sha256:6310eb16bf4251731feab01e8f633bf5e2d75a657ccad97f420b1f83cce457be 1.8s done
#5 DONE 8.7s

#5 [build 1/7] FROM docker.io/library/python:3.11-slim@sha256:9534e5a8e315485d4061ed659af0fd78a284c015f9b73661b41d6bab25604534
#5 extracting sha256:3678bb828654fcc3752f7a5eb63c5accfa00c97047252f25405285550d74a3fd
#5 extracting sha256:3678bb828654fcc3752f7a5eb63c5accfa00c97047252f25405285550d74a3fd 0.5s done
#5 extracting sha256:db840d086b65cf73e0feea3bd0cf11063818114e466846ae3f2b2fb1a8c2b143
#5 extracting sha256:db840d086b65cf73e0feea3bd0cf11063818114e466846ae3f2b2fb1a8c2b143 1.4s done
#5 DONE 10.6s

#5 [build 1/7] FROM docker.io/library/python:3.11-slim@sha256:9534e5a8e315485d4061ed659af0fd78a284c015f9b73661b41d6bab25604534
#5 extracting sha256:f9efa1b83d065a7c5a3041582875b75d63c4ab3d4413514de8e413b51f90e91a
#5 extracting sha256:f9efa1b83d065a7c5a3041582875b75d63c4ab3d4413514de8e413b51f90e91a 0.2s done
#5 DONE 10.7s

#6 [build 2/7] WORKDIR /app
#6 DONE 2.6s

#7 [build 3/7] COPY requirements.txt .
#7 DONE 0.4s

#8 [build 4/7] RUN pip install --no-cache-dir torch==2.5.1 --index-url https://download.pytorch.org/whl/cpu  && pip install --no-cache-dir -r requirements.txt
#8 3.391 Looking in indexes: https://download.pytorch.org/whl/cpu
#8 3.859 Collecting torch==2.5.1
#8 4.210   Downloading https://download-r2.pytorch.org/whl/cpu/torch-2.5.1%2Bcpu-cp311-cp311-linux_x86_64.whl (174.7 MB)
#8 20.88      ━━━━━━━━━━━━━━━━━━━━━━━━━━━━━━━━━━━━━━ 174.7/174.7 MB 11.8 MB/s eta 0:00:00
#8 21.91 Collecting filelock (from torch==2.5.1)
#8 21.96   Downloading filelock-3.32.3-py3-none-any.whl.metadata (2.0 kB)
#8 22.03 Collecting typing-extensions>=4.8.0 (from torch==2.5.1)
#8 22.04   Downloading typing_extensions-4.16.0-py3-none-any.whl.metadata (3.3 kB)
#8 22.14 Collecting networkx (from torch==2.5.1)
#8 22.15   Downloading networkx-3.6.1-py3-none-any.whl.metadata (6.8 kB)
#8 22.18 Collecting jinja2 (from torch==2.5.1)
#8 22.19   Downloading https://download.pytorch.org/whl/jinja2-3.1.6-py3-none-any.whl.metadata (2.9 kB)
#8 22.30 Collecting fsspec (from torch==2.5.1)
#8 22.32   Downloading fsspec-2026.7.0-py3-none-any.whl.metadata (10 kB)
#8 22.46 Collecting sympy==1.13.1 (from torch==2.5.1)
#8 22.47   Downloading sympy-1.13.1-py3-none-any.whl.metadata (12 kB)
#8 22.55 Collecting mpmath<1.4,>=1.1.0 (from sympy==1.13.1->torch==2.5.1)
#8 22.56   Downloading mpmath-1.3.0-py3-none-any.whl.metadata (8.6 kB)
#8 22.83 Collecting MarkupSafe>=2.0 (from jinja2->torch==2.5.1)
#8 22.85   Downloading https://download.pytorch.org/whl/markupsafe-3.0.3-cp311-cp311-manylinux2014_x86_64.manylinux_2_17_x86_64.manylinux_2_28_x86_64.whl.metadata (2.7 kB)
#8 22.92 Downloading sympy-1.13.1-py3-none-any.whl (6.2 MB)
#8 24.73    ━━━━━━━━━━━━━━━━━━━━━━━━━━━━━━━━━━━━━━━━ 6.2/6.2 MB 3.4 MB/s eta 0:00:00
#8 24.74 Downloading typing_extensions-4.16.0-py3-none-any.whl (45 kB)
#8 24.75    ━━━━━━━━━━━━━━━━━━━━━━━━━━━━━━━━━━━━━━━━ 45.6/45.6 kB 11.9 MB/s eta 0:00:00
#8 24.76 Downloading filelock-3.32.3-py3-none-any.whl (98 kB)
#8 24.77    ━━━━━━━━━━━━━━━━━━━━━━━━━━━━━━━━━━━━━━━━ 98.9/98.9 kB 11.9 MB/s eta 0:00:00
#8 24.79 Downloading fsspec-2026.7.0-py3-none-any.whl (206 kB)
#8 24.83    ━━━━━━━━━━━━━━━━━━━━━━━━━━━━━━━━━━━━━━━━ 206.6/206.6 kB 5.3 MB/s eta 0:00:00
#8 24.84 Downloading https://download.pytorch.org/whl/jinja2-3.1.6-py3-none-any.whl (134 kB)
#8 24.85    ━━━━━━━━━━━━━━━━━━━━━━━━━━━━━━━━━━━━━━━━ 134.9/134.9 kB 30.2 MB/s eta 0:00:00
#8 24.86 Downloading networkx-3.6.1-py3-none-any.whl (2.1 MB)
#8 25.13    ━━━━━━━━━━━━━━━━━━━━━━━━━━━━━━━━━━━━━━━━ 2.1/2.1 MB 8.0 MB/s eta 0:00:00
#8 25.14 Downloading https://download.pytorch.org/whl/markupsafe-3.0.3-cp311-cp311-manylinux2014_x86_64.manylinux_2_17_x86_64.manylinux_2_28_x86_64.whl (22 kB)
#8 25.15 Downloading mpmath-1.3.0-py3-none-any.whl (536 kB)
#8 25.20    ━━━━━━━━━━━━━━━━━━━━━━━━━━━━━━━━━━━━━━━━ 536.2/536.2 kB 13.3 MB/s eta 0:00:00
#8 25.64 Installing collected packages: mpmath, typing-extensions, sympy, networkx, MarkupSafe, fsspec, filelock, jinja2, torch
#8 57.11 Successfully installed MarkupSafe-3.0.3 filelock-3.32.3 fsspec-2026.7.0 jinja2-3.1.6 mpmath-1.3.0 networkx-3.6.1 sympy-1.13.1 torch-2.5.1+cpu typing-extensions-4.16.0
#8 57.11 WARNING: Running pip as the 'root' user can result in broken permissions and conflicting behaviour with the system package manager. It is recommended to use a virtual environment instead: https://pip.pypa.io/warnings/venv
#8 61.20 Collecting fastapi==0.115.6 (from -r requirements.txt (line 1))
#8 62.27   Downloading fastapi-0.115.6-py3-none-any.whl.metadata (27 kB)
#8 62.39 Collecting uvicorn==0.34.0 (from uvicorn[standard]==0.34.0->-r requirements.txt (line 2))
#8 62.40   Downloading uvicorn-0.34.0-py3-none-any.whl.metadata (6.5 kB)
#8 62.51 Collecting httpx==0.28.1 (from -r requirements.txt (line 3))
#8 62.52   Downloading httpx-0.28.1-py3-none-any.whl.metadata (7.1 kB)
#8 62.84 Collecting pydantic==2.10.4 (from -r requirements.txt (line 4))
#8 62.86   Downloading pydantic-2.10.4-py3-none-any.whl.metadata (29 kB)
#8 62.90 Collecting python-dotenv==1.0.1 (from -r requirements.txt (line 5))
#8 62.92   Downloading python_dotenv-1.0.1-py3-none-any.whl.metadata (23 kB)
#8 63.50 Collecting numpy<3,>=1.26 (from -r requirements.txt (line 6))
#8 63.51   Downloading numpy-2.4.6-cp311-cp311-manylinux_2_27_x86_64.manylinux_2_28_x86_64.whl.metadata (6.6 kB)
#8 63.58 Collecting sentence-transformers==3.3.1 (from -r requirements.txt (line 7))
#8 63.59   Downloading sentence_transformers-3.3.1-py3-none-any.whl.metadata (10 kB)
#8 63.63 Collecting rank-bm25==0.2.2 (from -r requirements.txt (line 8))
#8 63.64   Downloading rank_bm25-0.2.2-py3-none-any.whl.metadata (3.2 kB)
#8 63.81 Collecting starlette<0.42.0,>=0.40.0 (from fastapi==0.115.6->-r requirements.txt (line 1))
#8 63.82   Downloading starlette-0.41.3-py3-none-any.whl.metadata (6.0 kB)
#8 63.90 Requirement already satisfied: typing-extensions>=4.8.0 in /usr/local/lib/python3.11/site-packages (from fastapi==0.115.6->-r requirements.txt (line 1)) (4.16.0)
#8 64.00 Collecting click>=7.0 (from uvicorn==0.34.0->uvicorn[standard]==0.34.0->-r requirements.txt (line 2))
#8 64.02   Downloading click-8.5.0-py3-none-any.whl.metadata (2.6 kB)
#8 64.05 Collecting h11>=0.8 (from uvicorn==0.34.0->uvicorn[standard]==0.34.0->-r requirements.txt (line 2))
#8 64.07   Downloading h11-0.16.0-py3-none-any.whl.metadata (8.3 kB)
#8 64.15 Collecting anyio (from httpx==0.28.1->-r requirements.txt (line 3))
#8 64.17   Downloading anyio-4.14.2-py3-none-any.whl.metadata (4.6 kB)
#8 64.24 Collecting certifi (from httpx==0.28.1->-r requirements.txt (line 3))
#8 64.25   Downloading certifi-2026.7.22-py3-none-any.whl.metadata (2.5 kB)
#8 64.30 Collecting httpcore==1.* (from httpx==0.28.1->-r requirements.txt (line 3))
#8 64.31   Downloading httpcore-1.0.9-py3-none-any.whl.metadata (21 kB)
#8 64.38 Collecting idna (from httpx==0.28.1->-r requirements.txt (line 3))
#8 64.39   Downloading idna-3.19-py3-none-any.whl.metadata (9.2 kB)
#8 64.43 Collecting annotated-types>=0.6.0 (from pydantic==2.10.4->-r requirements.txt (line 4))
#8 64.44   Downloading annotated_types-0.8.0-py3-none-any.whl.metadata (15 kB)
#8 66.45 Collecting pydantic-core==2.27.2 (from pydantic==2.10.4->-r requirements.txt (line 4))
#8 66.47   Downloading pydantic_core-2.27.2-cp311-cp311-manylinux_2_17_x86_64.manylinux2014_x86_64.whl.metadata (6.6 kB)
#8 66.69 Collecting transformers<5.0.0,>=4.41.0 (from sentence-transformers==3.3.1->-r requirements.txt (line 7))
#8 66.71   Downloading transformers-4.57.6-py3-none-any.whl.metadata (43 kB)
#8 66.72      ━━━━━━━━━━━━━━━━━━━━━━━━━━━━━━━━━━━━━━━━ 44.0/44.0 kB 2.4 MB/s eta 0:00:00
#8 66.86 Collecting tqdm (from sentence-transformers==3.3.1->-r requirements.txt (line 7))
#8 66.87   Downloading tqdm-4.70.0-py3-none-any.whl.metadata (57 kB)
#8 66.90      ━━━━━━━━━━━━━━━━━━━━━━━━━━━━━━━━━━━━━━━━ 57.3/57.3 kB 2.5 MB/s eta 0:00:00
#8 66.92 Requirement already satisfied: torch>=1.11.0 in /usr/local/lib/python3.11/site-packages (from sentence-transformers==3.3.1->-r requirements.txt (line 7)) (2.5.1+cpu)
#8 67.10 Collecting scikit-learn (from sentence-transformers==3.3.1->-r requirements.txt (line 7))
#8 67.11   Downloading scikit_learn-1.9.0-cp311-cp311-manylinux_2_27_x86_64.manylinux_2_28_x86_64.whl.metadata (11 kB)
#8 67.62 Collecting scipy (from sentence-transformers==3.3.1->-r requirements.txt (line 7))
#8 67.64   Downloading scipy-1.17.1-cp311-cp311-manylinux_2_27_x86_64.manylinux_2_28_x86_64.whl.metadata (62 kB)
#8 67.65      ━━━━━━━━━━━━━━━━━━━━━━━━━━━━━━━━━━━━━━━━ 62.1/62.1 kB 5.4 MB/s eta 0:00:00
#8 67.84 Collecting huggingface-hub>=0.20.0 (from sentence-transformers==3.3.1->-r requirements.txt (line 7))
#8 67.86   Downloading huggingface_hub-1.29.0-py3-none-any.whl.metadata (16 kB)
#8 68.35 Collecting Pillow (from sentence-transformers==3.3.1->-r requirements.txt (line 7))
#8 68.36   Downloading pillow-12.3.0-cp311-cp311-manylinux_2_27_x86_64.manylinux_2_28_x86_64.whl.metadata (9.1 kB)
#8 68.44 Collecting httptools>=0.6.3 (from uvicorn[standard]==0.34.0->-r requirements.txt (line 2))
#8 68.45   Downloading httptools-0.8.0-cp311-cp311-manylinux1_x86_64.manylinux_2_28_x86_64.manylinux_2_5_x86_64.whl.metadata (3.5 kB)
#8 68.57 Collecting pyyaml>=5.1 (from uvicorn[standard]==0.34.0->-r requirements.txt (line 2))
#8 68.58   Downloading pyyaml-6.0.3-cp311-cp311-manylinux2014_x86_64.manylinux_2_17_x86_64.manylinux_2_28_x86_64.whl.metadata (2.4 kB)
#8 68.73 Collecting uvloop!=0.15.0,!=0.15.1,>=0.14.0 (from uvicorn[standard]==0.34.0->-r requirements.txt (line 2))
#8 68.74   Downloading uvloop-0.22.1-cp311-cp311-manylinux2014_x86_64.manylinux_2_17_x86_64.manylinux_2_28_x86_64.whl.metadata (4.9 kB)
#8 69.10 Collecting watchfiles>=0.13 (from uvicorn[standard]==0.34.0->-r requirements.txt (line 2))
#8 69.11   Downloading watchfiles-1.2.0-cp311-cp311-manylinux_2_17_x86_64.manylinux2014_x86_64.whl.metadata (4.9 kB)
#8 69.48 Collecting websockets>=10.4 (from uvicorn[standard]==0.34.0->-r requirements.txt (line 2))
#8 69.50   Downloading websockets-17.1-cp311-cp311-manylinux1_x86_64.manylinux_2_28_x86_64.manylinux_2_5_x86_64.whl.metadata (6.3 kB)
#8 69.66 Requirement already satisfied: filelock>=3.10.0 in /usr/local/lib/python3.11/site-packages (from huggingface-hub>=0.20.0->sentence-transformers==3.3.1->-r requirements.txt (line 7)) (3.32.3)
#8 69.66 Requirement already satisfied: fsspec>=2023.5.0 in /usr/local/lib/python3.11/site-packages (from huggingface-hub>=0.20.0->sentence-transformers==3.3.1->-r requirements.txt (line 7)) (2026.7.0)
#8 69.77 Collecting hf-xet<2.0.0,>=1.5.2 (from huggingface-hub>=0.20.0->sentence-transformers==3.3.1->-r requirements.txt (line 7))
#8 69.78   Downloading hf_xet-1.6.0-cp38-abi3-manylinux2014_x86_64.manylinux_2_17_x86_64.whl.metadata (4.9 kB)
#8 69.80 Requirement already satisfied: packaging>=20.9 in /usr/local/lib/python3.11/site-packages (from huggingface-hub>=0.20.0->sentence-transformers==3.3.1->-r requirements.txt (line 7)) (26.3)
#8 69.97 Requirement already satisfied: networkx in /usr/local/lib/python3.11/site-packages (from torch>=1.11.0->sentence-transformers==3.3.1->-r requirements.txt (line 7)) (3.6.1)
#8 69.98 Requirement already satisfied: jinja2 in /usr/local/lib/python3.11/site-packages (from torch>=1.11.0->sentence-transformers==3.3.1->-r requirements.txt (line 7)) (3.1.6)
#8 69.99 Requirement already satisfied: sympy==1.13.1 in /usr/local/lib/python3.11/site-packages (from torch>=1.11.0->sentence-transformers==3.3.1->-r requirements.txt (line 7)) (1.13.1)
#8 70.00 Requirement already satisfied: mpmath<1.4,>=1.1.0 in /usr/local/lib/python3.11/site-packages (from sympy==1.13.1->torch>=1.11.0->sentence-transformers==3.3.1->-r requirements.txt (line 7)) (1.3.0)
#8 70.53 Collecting huggingface-hub>=0.20.0 (from sentence-transformers==3.3.1->-r requirements.txt (line 7))
#8 70.55   Downloading huggingface_hub-0.36.2-py3-none-any.whl.metadata (15 kB)
#8 71.86 Collecting regex!=2019.12.17 (from transformers<5.0.0,>=4.41.0->sentence-transformers==3.3.1->-r requirements.txt (line 7))
#8 71.87   Downloading regex-2026.9.3-cp311-cp311-manylinux2014_x86_64.manylinux_2_17_x86_64.manylinux_2_28_x86_64.whl.metadata (40 kB)
#8 71.88      ━━━━━━━━━━━━━━━━━━━━━━━━━━━━━━━━━━━━━━━━ 40.6/40.6 kB 5.0 MB/s eta 0:00:00
#8 71.97 Collecting requests (from transformers<5.0.0,>=4.41.0->sentence-transformers==3.3.1->-r requirements.txt (line 7))
#8 71.98   Downloading requests-2.34.2-py3-none-any.whl.metadata (4.8 kB)
#8 72.36 Collecting tokenizers<=0.23.0,>=0.22.0 (from transformers<5.0.0,>=4.41.0->sentence-transformers==3.3.1->-r requirements.txt (line 7))
#8 72.37   Downloading tokenizers-0.22.2-cp39-abi3-manylinux_2_17_x86_64.manylinux2014_x86_64.whl.metadata (7.3 kB)
#8 72.71 Collecting safetensors>=0.4.3 (from transformers<5.0.0,>=4.41.0->sentence-transformers==3.3.1->-r requirements.txt (line 7))
#8 72.72   Downloading safetensors-0.8.0-cp310-abi3-manylinux_2_17_x86_64.manylinux2014_x86_64.whl.metadata (4.2 kB)
#8 73.18 Collecting joblib>=1.4.0 (from scikit-learn->sentence-transformers==3.3.1->-r requirements.txt (line 7))
#8 73.19   Downloading joblib-1.6.0-py3-none-any.whl.metadata (6.5 kB)
#8 73.36 Collecting narwhals>=2.0.1 (from scikit-learn->sentence-transformers==3.3.1->-r requirements.txt (line 7))
#8 73.37   Downloading narwhals-2.25.0-py3-none-any.whl.metadata (15 kB)
#8 73.41 Collecting threadpoolctl>=3.5.0 (from scikit-learn->sentence-transformers==3.3.1->-r requirements.txt (line 7))
#8 73.42   Downloading threadpoolctl-3.6.0-py3-none-any.whl.metadata (13 kB)
#8 73.70 Collecting cloudpickle>=3.0 (from joblib>=1.4.0->scikit-learn->sentence-transformers==3.3.1->-r requirements.txt (line 7))
#8 73.71   Downloading cloudpickle-3.1.2-py3-none-any.whl.metadata (7.1 kB)
#8 73.91 Requirement already satisfied: MarkupSafe>=2.0 in /usr/local/lib/python3.11/site-packages (from jinja2->torch>=1.11.0->sentence-transformers==3.3.1->-r requirements.txt (line 7)) (3.0.3)
#8 74.58 Collecting charset_normalizer<4,>=2 (from requests->transformers<5.0.0,>=4.41.0->sentence-transformers==3.3.1->-r requirements.txt (line 7))
#8 74.59   Downloading charset_normalizer-3.5.1-cp311-cp311-manylinux2014_x86_64.manylinux_2_17_x86_64.manylinux_2_28_x86_64.whl.metadata (45 kB)
#8 74.60      ━━━━━━━━━━━━━━━━━━━━━━━━━━━━━━━━━━━━━━━━ 45.9/45.9 kB 5.4 MB/s eta 0:00:00
#8 74.71 Collecting urllib3<3,>=1.26 (from requests->transformers<5.0.0,>=4.41.0->sentence-transformers==3.3.1->-r requirements.txt (line 7))
#8 74.72   Downloading urllib3-2.7.0-py3-none-any.whl.metadata (6.9 kB)
#8 74.85 Downloading fastapi-0.115.6-py3-none-any.whl (94 kB)
#8 74.87    ━━━━━━━━━━━━━━━━━━━━━━━━━━━━━━━━━━━━━━━━ 94.8/94.8 kB 6.8 MB/s eta 0:00:00
#8 74.88 Downloading uvicorn-0.34.0-py3-none-any.whl (62 kB)
#8 74.90    ━━━━━━━━━━━━━━━━━━━━━━━━━━━━━━━━━━━━━━━━ 62.3/62.3 kB 6.4 MB/s eta 0:00:00
#8 74.91 Downloading httpx-0.28.1-py3-none-any.whl (73 kB)
#8 74.92    ━━━━━━━━━━━━━━━━━━━━━━━━━━━━━━━━━━━━━━━━ 73.5/73.5 kB 6.9 MB/s eta 0:00:00
#8 74.94 Downloading pydantic-2.10.4-py3-none-any.whl (431 kB)
#8 75.00    ━━━━━━━━━━━━━━━━━━━━━━━━━━━━━━━━━━━━━━━━ 431.8/431.8 kB 6.6 MB/s eta 0:00:00
#8 75.02 Downloading python_dotenv-1.0.1-py3-none-any.whl (19 kB)
#8 75.04 Downloading sentence_transformers-3.3.1-py3-none-any.whl (268 kB)
#8 75.09    ━━━━━━━━━━━━━━━━━━━━━━━━━━━━━━━━━━━━━━━━ 268.8/268.8 kB 5.6 MB/s eta 0:00:00
#8 75.10 Downloading rank_bm25-0.2.2-py3-none-any.whl (8.6 kB)
#8 75.11 Downloading httpcore-1.0.9-py3-none-any.whl (78 kB)
#8 75.13    ━━━━━━━━━━━━━━━━━━━━━━━━━━━━━━━━━━━━━━━━ 78.8/78.8 kB 9.3 MB/s eta 0:00:00
#8 75.14 Downloading pydantic_core-2.27.2-cp311-cp311-manylinux_2_17_x86_64.manylinux2014_x86_64.whl (2.0 MB)
#8 75.42    ━━━━━━━━━━━━━━━━━━━━━━━━━━━━━━━━━━━━━━━━ 2.0/2.0 MB 7.1 MB/s eta 0:00:00
#8 75.43 Downloading numpy-2.4.6-cp311-cp311-manylinux_2_27_x86_64.manylinux_2_28_x86_64.whl (16.9 MB)
#8 76.97    ━━━━━━━━━━━━━━━━━━━━━━━━━━━━━━━━━━━━━━━━ 16.9/16.9 MB 11.6 MB/s eta 0:00:00
#8 76.98 Downloading annotated_types-0.8.0-py3-none-any.whl (13 kB)
#8 76.99 Downloading click-8.5.0-py3-none-any.whl (125 kB)
#8 77.00    ━━━━━━━━━━━━━━━━━━━━━━━━━━━━━━━━━━━━━━━━ 125.3/125.3 kB 23.1 MB/s eta 0:00:00
#8 77.01 Downloading h11-0.16.0-py3-none-any.whl (37 kB)
#8 77.02 Downloading httptools-0.8.0-cp311-cp311-manylinux1_x86_64.manylinux_2_28_x86_64.manylinux_2_5_x86_64.whl (464 kB)
#8 77.07    ━━━━━━━━━━━━━━━━━━━━━━━━━━━━━━━━━━━━━━━━ 464.7/464.7 kB 10.8 MB/s eta 0:00:00
#8 77.08 Downloading pyyaml-6.0.3-cp311-cp311-manylinux2014_x86_64.manylinux_2_17_x86_64.manylinux_2_28_x86_64.whl (806 kB)
#8 77.19    ━━━━━━━━━━━━━━━━━━━━━━━━━━━━━━━━━━━━━━━━ 806.6/806.6 kB 8.1 MB/s eta 0:00:00
#8 77.20 Downloading starlette-0.41.3-py3-none-any.whl (73 kB)
#8 77.21    ━━━━━━━━━━━━━━━━━━━━━━━━━━━━━━━━━━━━━━━━ 73.2/73.2 kB 9.7 MB/s eta 0:00:00
#8 77.22 Downloading anyio-4.14.2-py3-none-any.whl (125 kB)
#8 77.23    ━━━━━━━━━━━━━━━━━━━━━━━━━━━━━━━━━━━━━━━━ 125.8/125.8 kB 11.5 MB/s eta 0:00:00
#8 77.24 Downloading idna-3.19-py3-none-any.whl (68 kB)
#8 77.25    ━━━━━━━━━━━━━━━━━━━━━━━━━━━━━━━━━━━━━━━━ 68.5/68.5 kB 10.4 MB/s eta 0:00:00
#8 77.27 Downloading tqdm-4.70.0-py3-none-any.whl (80 kB)
#8 77.28    ━━━━━━━━━━━━━━━━━━━━━━━━━━━━━━━━━━━━━━━━ 80.2/80.2 kB 14.0 MB/s eta 0:00:00
#8 77.29 Downloading transformers-4.57.6-py3-none-any.whl (12.0 MB)
#8 78.38    ━━━━━━━━━━━━━━━━━━━━━━━━━━━━━━━━━━━━━━━━ 12.0/12.0 MB 12.1 MB/s eta 0:00:00
#8 78.39 Downloading huggingface_hub-0.36.2-py3-none-any.whl (566 kB)
#8 78.42    ━━━━━━━━━━━━━━━━━━━━━━━━━━━━━━━━━━━━━━━━ 566.4/566.4 kB 17.6 MB/s eta 0:00:00
#8 78.44 Downloading uvloop-0.22.1-cp311-cp311-manylinux2014_x86_64.manylinux_2_17_x86_64.manylinux_2_28_x86_64.whl (3.8 MB)
#8 78.86    ━━━━━━━━━━━━━━━━━━━━━━━━━━━━━━━━━━━━━━━━ 3.8/3.8 MB 9.0 MB/s eta 0:00:00
#8 78.88 Downloading watchfiles-1.2.0-cp311-cp311-manylinux_2_17_x86_64.manylinux2014_x86_64.whl (456 kB)
#8 78.93    ━━━━━━━━━━━━━━━━━━━━━━━━━━━━━━━━━━━━━━━━ 456.9/456.9 kB 8.6 MB/s eta 0:00:00
#8 78.94 Downloading websockets-17.1-cp311-cp311-manylinux1_x86_64.manylinux_2_28_x86_64.manylinux_2_5_x86_64.whl (224 kB)
#8 78.97    ━━━━━━━━━━━━━━━━━━━━━━━━━━━━━━━━━━━━━━━━ 224.3/224.3 kB 10.8 MB/s eta 0:00:00
#8 78.98 Downloading certifi-2026.7.22-py3-none-any.whl (136 kB)
#8 79.00    ━━━━━━━━━━━━━━━━━━━━━━━━━━━━━━━━━━━━━━━━ 137.0/137.0 kB 14.0 MB/s eta 0:00:00
#8 79.01 Downloading pillow-12.3.0-cp311-cp311-manylinux_2_27_x86_64.manylinux_2_28_x86_64.whl (6.9 MB)
#8 79.90    ━━━━━━━━━━━━━━━━━━━━━━━━━━━━━━━━━━━━━━━━ 6.9/6.9 MB 7.8 MB/s eta 0:00:00
#8 79.91 Downloading scikit_learn-1.9.0-cp311-cp311-manylinux_2_27_x86_64.manylinux_2_28_x86_64.whl (9.3 MB)
#8 80.95    ━━━━━━━━━━━━━━━━━━━━━━━━━━━━━━━━━━━━━━━━ 9.3/9.3 MB 9.0 MB/s eta 0:00:00
#8 80.96 Downloading scipy-1.17.1-cp311-cp311-manylinux_2_27_x86_64.manylinux_2_28_x86_64.whl (35.3 MB)
#8 84.57    ━━━━━━━━━━━━━━━━━━━━━━━━━━━━━━━━━━━━━━━━ 35.3/35.3 MB 10.1 MB/s eta 0:00:00
#8 84.58 Downloading hf_xet-1.6.0-cp38-abi3-manylinux2014_x86_64.manylinux_2_17_x86_64.whl (4.5 MB)
#8 85.00    ━━━━━━━━━━━━━━━━━━━━━━━━━━━━━━━━━━━━━━━━ 4.5/4.5 MB 10.9 MB/s eta 0:00:00
#8 85.01 Downloading joblib-1.6.0-py3-none-any.whl (306 kB)
#8 85.04    ━━━━━━━━━━━━━━━━━━━━━━━━━━━━━━━━━━━━━━━━ 306.1/306.1 kB 8.7 MB/s eta 0:00:00
#8 85.05 Downloading narwhals-2.25.0-py3-none-any.whl (467 kB)
#8 85.12    ━━━━━━━━━━━━━━━━━━━━━━━━━━━━━━━━━━━━━━━━ 467.4/467.4 kB 7.6 MB/s eta 0:00:00
#8 85.14 Downloading regex-2026.9.3-cp311-cp311-manylinux2014_x86_64.manylinux_2_17_x86_64.manylinux_2_28_x86_64.whl (801 kB)
#8 85.30    ━━━━━━━━━━━━━━━━━━━━━━━━━━━━━━━━━━━━━━━━ 801.1/801.1 kB 5.2 MB/s eta 0:00:00
#8 85.31 Downloading safetensors-0.8.0-cp310-abi3-manylinux_2_17_x86_64.manylinux2014_x86_64.whl (516 kB)
#8 85.41    ━━━━━━━━━━━━━━━━━━━━━━━━━━━━━━━━━━━━━━━━ 516.0/516.0 kB 5.0 MB/s eta 0:00:00
#8 85.42 Downloading threadpoolctl-3.6.0-py3-none-any.whl (18 kB)
#8 85.43 Downloading tokenizers-0.22.2-cp39-abi3-manylinux_2_17_x86_64.manylinux2014_x86_64.whl (3.3 MB)
#8 85.75    ━━━━━━━━━━━━━━━━━━━━━━━━━━━━━━━━━━━━━━━━ 3.3/3.3 MB 10.2 MB/s eta 0:00:00
#8 85.76 Downloading requests-2.34.2-py3-none-any.whl (73 kB)
#8 85.78    ━━━━━━━━━━━━━━━━━━━━━━━━━━━━━━━━━━━━━━━━ 73.1/73.1 kB 19.9 MB/s eta 0:00:00
#8 85.79 Downloading charset_normalizer-3.5.1-cp311-cp311-manylinux2014_x86_64.manylinux_2_17_x86_64.manylinux_2_28_x86_64.whl (262 kB)
#8 85.81    ━━━━━━━━━━━━━━━━━━━━━━━━━━━━━━━━━━━━━━━━ 262.3/262.3 kB 16.9 MB/s eta 0:00:00
#8 85.82 Downloading cloudpickle-3.1.2-py3-none-any.whl (22 kB)
#8 85.84 Downloading urllib3-2.7.0-py3-none-any.whl (131 kB)
#8 85.85    ━━━━━━━━━━━━━━━━━━━━━━━━━━━━━━━━━━━━━━━━ 131.1/131.1 kB 18.8 MB/s eta 0:00:00
#8 87.89 Installing collected packages: websockets, uvloop, urllib3, tqdm, threadpoolctl, safetensors, regex, pyyaml, python-dotenv, pydantic-core, Pillow, numpy, narwhals, idna, httptools, hf-xet, h11, cloudpickle, click, charset_normalizer, certifi, annotated-types, uvicorn, scipy, requests, rank-bm25, pydantic, joblib, httpcore, anyio, watchfiles, starlette, scikit-learn, huggingface-hub, httpx, tokenizers, fastapi, transformers, sentence-transformers
#8 126.2 Successfully installed Pillow-12.3.0 annotated-types-0.8.0 anyio-4.14.2 certifi-2026.7.22 charset_normalizer-3.5.1 click-8.5.0 cloudpickle-3.1.2 fastapi-0.115.6 h11-0.16.0 hf-xet-1.6.0 httpcore-1.0.9 httptools-0.8.0 httpx-0.28.1 huggingface-hub-0.36.2 idna-3.19 joblib-1.6.0 narwhals-2.25.0 numpy-2.4.6 pydantic-2.10.4 pydantic-core-2.27.2 python-dotenv-1.0.1 pyyaml-6.0.3 rank-bm25-0.2.2 regex-2026.9.3 requests-2.34.2 safetensors-0.8.0 scikit-learn-1.9.0 scipy-1.17.1 sentence-transformers-3.3.1 starlette-0.41.3 threadpoolctl-3.6.0 tokenizers-0.22.2 tqdm-4.70.0 transformers-4.57.6 urllib3-2.7.0 uvicorn-0.34.0 uvloop-0.22.1 watchfiles-1.2.0 websockets-17.1
#8 126.2 WARNING: Running pip as the 'root' user can result in broken permissions and conflicting behaviour with the system package manager. It is recommended to use a virtual environment instead: https://pip.pypa.io/warnings/venv
#8 126.4 
#8 126.4 [notice] A new release of pip is available: 24.0 -> 26.2.1
#8 126.4 [notice] To update, run: pip install --upgrade pip
#8 DONE 132.0s

#9 [build 5/7] COPY ingest ./ingest
#9 DONE 2.5s

#10 [build 6/7] COPY data/raw ./data/raw
#10 DONE 1.8s

#11 [build 7/7] RUN python -m ingest.build_index
#11 25.72 documents: 3666
#11 25.72 Batches:   0%|          | 0/115 [00:00<?, ?it/s]Batches:   1%|          | 1/115 [00:06<12:44,  6.71s/it]Batches:   2%|▏         | 2/115 [00:11<10:18,  5.48s/it]Batches:   3%|▎         | 3/115 [00:16<09:41,  5.19s/it]Batches:   3%|▎         | 4/115 [00:20<09:08,  4.94s/it]Batches:   4%|▍         | 5/115 [00:25<08:43,  4.76s/it]