149 category pages to visit
  sale riyadh                                    32 items,  27 new, total    27 (1.1s)
  rent riyadh                                    32 items,  32 new, total    59 (0.9s)
  sale jeddah                                    32 items,  30 new, total    89 (0.9s)
  sale jeddah-al-majd                            11 items,  11 new, total   100 (0.7s)
  sale jeddah-al-kawthar                          1 items,   1 new, total   101 (0.7s)
  sale jeddah-al-faisaliyah                      32 items,  29 new, total   130 (0.7s)
  sale jeddah-al-wafa                            32 items,  32 new, total   162 (1.0s)
  sale jeddah-al-wurud                           32 items,  32 new, total   194 (0.8s)
  sale jeddah-al-manarat                         12 items,  12 new, total   206 (0.7s)
  rent jeddah                                    32 items,  32 new, total   238 (0.5s)
  rent jeddah-al-falah                           11 items,  11 new, total   249 (0.7s)
  rent jeddah-al-kawthar                          6 items,   6 new, total   255 (0.7s)
  rent jeddah-al-khalidiyah                       4 items,   4 new, total   259 (0.7s)
  rent jeddah-an-nuzhah                          32 items,  32 new, total   291 (0.9s)
  rent jeddah-as-sanabel                          3 items,   3 new, total   294 (0.8s)
  rent jeddah-al-fayha                           12 items,  10 new, total   304 (0.7s)
  sale makkah                                    32 items,  30 new, total   334 (0.5s)
  sale makkah-tuwa                                6 items,   6 new, total   340 (0.8s)
  sale makkah-al-muhammadiia                     32 items,  28 new, total   368 (2.0s)
  sale makkah-al-msial-al-jadid                  32 items,  32 new, total   400 (0.6s)
  sale makkah-al-jummayzah                        6 items,   6 new, total   406 (0.8s)
  sale makkah-az-zahra                            3 items,   3 new, total   409 (0.5s)
  sale makkah-al-andalus                          2 items,   2 new, total   411 (2.3s)
  rent makkah                                    32 items,  32 new, total   443 (0.4s)
  rent makkah-al-maabdah                          1 items,   1 new, total   444 (0.7s)
  rent makkah-al-mursalat                         1 items,   1 new, total   445 (0.7s)
  rent makkah-al-naseem                           1 items,   0 new, total   445 (1.1s)
  rent makkah-al-hijrah                           2 items,   0 new, total   445 (0.5s)
  rent makkah-asharai                             1 items,   0 new, total   445 (0.8s)
  rent makkah-al-umrah-al-jadidah                 1 items,   0 new, total   445 (0.7s)
  sale madinah                                   32 items,  31 new, total   476 (0.5s)
  sale madinah-al-mundasa                         1 items,   0 new, total   476 (0.5s)
  sale madinah-al-jassah                         21 items,  19 new, total   495 (1.2s)
  sale madinah-al-aziziyah                        9 items,   9 new, total   504 (0.5s)
  sale madinah-bani-zafar                         2 items,   2 new, total   506 (0.7s)
  sale madinah-shizat                             9 items,   9 new, total   515 (0.6s)
  sale madinah-ar-rayah                           1 items,   1 new, total   516 (0.6s)
  rent madinah                                   32 items,  32 new, total   548 (0.3s)
  rent madinah-as-sakb                            2 items,   1 new, total   549 (0.7s)
  rent madinah-ar-ranuna                          6 items,   5 new, total   554 (0.8s)
  rent madinah-dhu-al-hulayfah                    1 items,   1 new, total   555 (2.1s)
  rent madinah-ad-difa                            2 items,   2 new, total   557 (0.7s)
  rent madinah-josham                             1 items,   1 new, total   558 (2.3s)
  rent madinah-taibah                            12 items,   4 new, total   562 (0.7s)
  sale dammam                                    32 items,  31 new, total   593 (0.3s)
  sale dammam-taibah                             32 items,  32 new, total   625 (0.6s)
  sale dammam-ash-shati-al-gharbi                 5 items,   5 new, total   630 (0.8s)
  sale dammam-al-itisalat                         3 items,   3 new, total   633 (1.0s)
  sale dammam-ad-dawasir                          2 items,   2 new, total   635 (3.2s)
  sale dammam-ghirnatah                           2 items,   2 new, total   637 (1.1s)
  sale dammam-ad-danah                            1 items,   1 new, total   638 (0.9s)
  rent dammam                                    32 items,  32 new, total   670 (0.8s)
  rent dammam-taibah                             13 items,  13 new, total   683 (0.8s)
  rent dammam-al-muntazah                         6 items,   3 new, total   686 (0.8s)
  rent dammam-al-hussam                           3 items,   3 new, total   689 (0.9s)
  rent dammam-al-jawharah                         3 items,   2 new, total   691 (0.9s)
  rent dammam-al-badiyah                          9 items,   9 new, total   700 (0.6s)
  rent dammam-at-tubayshi                         1 items,   1 new, total   701 (2.5s)
  sale al-khobar                                 32 items,  30 new, total   731 (0.9s)
  sale al-khobar-al-amwaj                        32 items,  31 new, total   762 (0.8s)
  sale al-khobar-al-kawthar                      13 items,  13 new, total   775 (0.8s)
  sale al-khobar-al-jisr                         11 items,  11 new, total   786 (0.7s)
  sale al-khobar-ar-rawabi                        4 items,   4 new, total   790 (0.9s)
  sale al-khobar-al-khubar-al-janubiyah           3 items,   3 new, total   793 (0.7s)
  sale al-khobar-al-jawharah                      2 items,   2 new, total   795 (3.1s)
  rent al-khobar                                 32 items,  32 new, total   827 (0.8s)
  rent al-khobar-al-amwaj                         3 items,   3 new, total   830 (0.9s)
  rent al-khobar-ash-sheraa                       5 items,   5 new, total   835 (3.4s)
  rent al-khobar-al-hamra                        32 items,  16 new, total   851 (0.9s)
  rent al-khobar-ath-thuqbah                     21 items,  21 new, total   872 (0.6s)
  rent al-khobar-al-khubar-al-janubiyah          15 items,  12 new, total   884 (0.9s)
  rent al-khobar-at-taawun                        4 items,   4 new, total   888 (3.2s)
  sale dhahran                                   24 items,  24 new, total   912 (0.9s)
  sale dhahran-al-wasam                           2 items,   0 new, total   912 (0.9s)
  rent dhahran                                   14 items,  14 new, total   926 (0.8s)
  sale taif                                      32 items,  32 new, total   958 (0.9s)
  sale taif-as-sir                                7 items,   6 new, total   964 (1.0s)
  sale taif-al-arfaa-al-gharbia                  12 items,  10 new, total   974 (1.0s)
  sale taif-as-safraa                             1 items,   1 new, total   975 (0.7s)
  sale taif-wadi-jalil                            3 items,   3 new, total   978 (1.3s)
  sale taif-al-wasit                             12 items,  12 new, total   990 (0.8s)
  sale taif-jabrah                                5 items,   4 new, total   994 (1.4s)
  rent taif                                      20 items,  20 new, total  1014 (0.9s)
  rent taif-akhbab                                2 items,   0 new, total  1014 (2.2s)
  rent taif-al-qayam-al-aala                      1 items,   0 new, total  1014 (1.0s)
  rent taif-ashuhada-aljanubiyyah                 4 items,   0 new, total  1014 (0.9s)
  rent taif-as-sadad                              1 items,   0 new, total  1014 (1.0s)
  rent taif-al-huda                               1 items,   0 new, total  1014 (2.7s)
  rent taif-jabrah                                1 items,   0 new, total  1014 (0.5s)
  sale buraidah                                  32 items,  32 new, total  1046 (0.8s)
  sale buraidah-mabrouka                          1 items,   1 new, total  1047 (0.8s)
  sale buraidah-rawaq-al-garbi                    7 items,   7 new, total  1054 (0.8s)
  sale buraidah-qurtoba                           2 items,   2 new, total  1056 (0.8s)
  sale buraidah-al-nur                            2 items,   2 new, total  1058 (0.6s)
  sale buraidah-as-salmiya                        4 items,   4 new, total  1062 (0.9s)
  sale buraidah-al-nakhil                        22 items,  20 new, total  1082 (0.8s)
  rent buraidah                                  32 items,  32 new, total  1114 (0.8s)
  rent buraidah-al-nur                            1 items,   0 new, total  1114 (0.8s)
  rent buraidah-al-jazirah                        2 items,   1 new, total  1115 (1.1s)
  rent buraidah-as-safra                          2 items,   1 new, total  1116 (0.7s)
  rent buraidah-ar-rawdah                         5 items,   0 new, total  1116 (1.0s)
  rent buraidah-an-nahdah                         2 items,   1 new, total  1117 (0.8s)
  rent buraidah-as-sulaimaniyah                   2 items,   0 new, total  1117 (1.0s)
  sale abha                                      32 items,  32 new, total  1149 (0.9s)
  sale abha-ar-rabwah                             8 items,   8 new, total  1157 (1.1s)
  sale abha-al-badi                              14 items,  13 new, total  1170 (0.8s)
  sale abha-an-nasb                               2 items,   2 new, total  1172 (1.3s)
  sale abha-dhurah                                1 items,   1 new, total  1173 (0.8s)
  sale abha-al-qura                               2 items,   0 new, total  1173 (1.2s)
  sale abha-ash-sharafiyah                       10 items,  10 new, total  1183 (1.1s)
  rent abha                                       7 items,   7 new, total  1190 (1.1s)
  rent abha-al-muruj                              1 items,   0 new, total  1190 (0.9s)
  rent abha-al-safa                               1 items,   0 new, total  1190 (0.5s)
  rent abha-al-wasaif                             1 items,   0 new, total  1190 (0.6s)
  rent abha-ash-sharafiyah                        1 items,   0 new, total  1190 (0.8s)
  sale tabuk                                     32 items,  32 new, total  1222 (1.1s)
  sale tabuk-al-safa                              9 items,   6 new, total  1228 (0.8s)
  sale tabuk-al-wurud                             1 items,   0 new, total  1228 (1.0s)
  sale tabuk-al-qadisiyah-2                       1 items,   0 new, total  1228 (0.8s)
  sale tabuk-al-akhdar                            6 items,   4 new, total  1232 (0.7s)
  sale tabuk-faisaliyah-north                     2 items,   2 new, total  1234 (0.9s)
  sale tabuk-al-quds                              1 items,   1 new, total  1235 (0.8s)
  rent tabuk                                      8 items,   8 new, total  1243 (0.8s)
  rent tabuk-al-hamra                             3 items,   0 new, total  1243 (1.0s)
  rent tabuk-al-nakheel                           1 items,   0 new, total  1243 (0.5s)
  rent tabuk-al-nadheem                           1 items,   0 new, total  1243 (0.9s)
  rent tabuk-faisaliyah-south                     1 items,   0 new, total  1243 (0.8s)
  sale jubail                                    32 items,  32 new, total  1275 (0.9s)
  sale jubail-industrial-city                    11 items,  11 new, total  1286 (2.6s)
  rent jubail                                     4 items,   4 new, total  1290 (0.6s)
  rent jubail-industrial-city                     1 items,   1 new, total  1291 (2.0s)
  sale al-ahsa                                   32 items,  30 new, total  1321 (0.9s)
  sale al-ahsa-al-wurud-2nd                       1 items,   0 new, total  1321 (2.0s)
  sale al-ahsa-ghirnatah                          1 items,   1 new, total  1322 (0.6s)
  sale al-ahsa-al-doha                            4 items,   3 new, total  1325 (0.7s)
  sale al-ahsa-al-koot                            1 items,   1 new, total  1326 (2.2s)
  sale al-ahsa-al-hazm-southern                   1 items,   0 new, total  1326 (2.7s)
  sale al-ahsa-al-wadi                            7 items,   7 new, total  1333 (0.9s)
  rent al-ahsa                                   19 items,  19 new, total  1352 (0.9s)
  sale yanbu                                      0 items,   0 new, total  1352 (0.6s)
  rent yanbu                                      2 items,   2 new, total  1354 (0.7s)
  sale hail                                      32 items,  32 new, total  1386 (1.2s)
  sale hail-al-khuzama                            2 items,   2 new, total  1388 (0.6s)
  sale hail-hadri-al-bilad                        5 items,   4 new, total  1392 (0.8s)
  sale hail-al-madaen                             8 items,   5 new, total  1397 (0.8s)
  sale hail-an-naqrah-qafar                       4 items,   2 new, total  1399 (0.5s)
  sale hail-an-naqrah                             8 items,   3 new, total  1402 (0.9s)
  sale hail-al-muntazah-al-gharbi                 1 items,   1 new, total  1403 (0.7s)
  rent hail                                       1 items,   1 new, total  1404 (0.7s)
saved 1404 listings -> C:\Users\sparrow\Desktop\durglobal-chatbot\data\raw\wasalt_listings.json
saved 24 city guides -> C:\Users\sparrow\Desktop\durglobal-chatbot\data\raw\wasalt_city_guides.json
